MAP
#  CONFIG "MS_ERRORFILE" "/tmp/mapserv-error.log"
#  DEBUG 1

  NAME           POI
  STATUS         ON
  SIZE           400 300
  EXTENT         -72 40 -68 43
  UNITS          DD
  IMAGETYPE      PNG
  IMAGECOLOR     255 255 255
  SYMBOLSET      "symbols.txt"
  FONTSET        "fonts.list"
  WEB
	TEMPLATE "template.html"
	HEADER "header.html"
	FOOTER "footer.html"
	IMAGEPATH "tmp/"
	IMAGEURL "/ms/tmp/"
    METADATA
      "ows_title"          "OpenPOIs Web Feature Service and Web Mapping Service"
      "ows_abstract"       "Enabling open data services for the OpenPOIs database"
      "ows_keywordlist"    "poi,pois,landmarks,placenames,points of interest"
      "ows_fees"    "none"
      "ows_accessconstraints"    "none"

      "ows_contactorganization" "Open Geospatial Consortium"
      "ows_contactperson"    "Raj Singh"

      "wms_onlineresource" "http://openpois.ogcnetwork.net/openpoiwms"
      "wfs_onlineresource" "http://openpois.ogcnetwork.net/openpoiwfs"
      "wms_srs"            "EPSG:4326 EPSG:4269 EPSG:3857"
      "wms_enable_request" "*"
      "wfs_enable_request" "*"
    END
  END

  PROJECTION
    "init=epsg:4326"
  END

  # http://localhost/cgi-bin/mapserv?SERVICE=WMS&LAYERS=geompt&EXCEPTIONS=application/vnd.ogc.se_xml&FORMAT=image/gif&HEIGHT=450&TRANSPARENT=true&MAP=/Users/rajsingh/workspace/openpoidb/www/ms/op.map&REQUEST=GetMap&BBOX=-71,41,-70,42&WIDTH=864&STYLES=default&SRS=EPSG:4326&VERSION=1.1.1

  # Start of LAYER DEFINITIONS ---------------------------------------------
  LAYER
    NAME         minipoi
    METADATA
	  "wms_title" "POI Names"
      "wms_enable_request" "*"
      "wfs_title" "POI Names"
      "wfs_srs" "EPSG:4326 EPSG:4269 EPSG:3857"
      "gml_include_items" "all"
      "gml_featureid" "poiuuid"
      "gml_include_items" "all"
      "gml_exclude_items" "oid,geogpt"
      "wfs_enable_request" "*"
    END
    TYPE         POINT
    DUMP TRUE
    PROJECTION
      "init=epsg:4326"
    END
	CONNECTIONTYPE POSTGIS
	CONNECTION	"host=localhost dbname=openpoidb user=poiwebuser password=fungwabus"
    DATA         "geompt from minipoi using srid=4326 using unique oid"
    STATUS       ON
    MAXSCALEDENOM 9000

    LABELITEM "label"

    CLASS
      NAME       "minipoi style"
      STYLE
      END
      LABEL
        COLOR 0 58 107
        #SHADOWCOLOR 128 128 128 #255 128 128
		#SHADOWSIZE 2 2
		OUTLINECOLOR 255 255 255
		OUTLINEWIDTH 2
        TYPE TRUETYPE
        FONT arial-rounded-bold
        SIZE 9
        BUFFER 4
		#ANTIALIAS TRUE
		POSITION CC
		OFFSET 0 8
		PARTIALS FALSE # when tiling you should always set partials to false
      END
    END
  END # minipoi ends

  LAYER
    NAME         poipt
    TYPE         POINT
    PROJECTION
      "init=epsg:4326"
    END
	CONNECTIONTYPE POSTGIS
	CONNECTION	"host=localhost dbname=openpoidb user=poiwebuser password=fungwabus"
    DATA         "geompt from geo using srid=4326 using unique oid"
    STATUS       ON
#    MINSCALEDENOM 4800
    MAXSCALEDENOM 100000

    CLASS
      NAME       "blue diamond"
      STYLE
		SYMBOL "circle" #"diamond"
		SIZE 10
		COLOR        0 58 107 #212 25 25 #255 0 0
		OUTLINECOLOR 11 102 211 #255 255 255 #212 25 25 #255 0 0 #255 255 0
		WIDTH 4 #1
      END
    END
  END # geompt ends
  # End of LAYER DEFINITIONS -------------------------------

END 
